// Jest Snapshot v1, https://goo.gl/fbAQLP

exports[`renders correctly 1`] = `
<div
  className="App"
>
  <header
    className="header"
  >
    <h1
      className="title"
    >
      Welcome to React that works awesomely
    </h1>
  </header>
  <p
    className="intro"
  >
    To get started, edit 
    <code>
      src/client/components/App.js
    </code>
     and save to reload.
  </p>
  <p
    className="styles"
  >
    You can edit any styling in 
    <code>
      src/client/sass/index.scss
    </code>
    .
  </p>
</div>
`;
